13194139533762
13194139533862
8796093022608
13194139533612
13194139533512
