1
1
7
22
11
34
17
52
26
13
40
20
10
5
16
8
4
2
2
4
5
7
8
10
11
13
16
17
20
22
26
34
40
52
